
1 / 2 [=========================>--------------------------] 50.00 % 15.48/s 0s 
2 / 2 [======================================================] 100.00 % 25.04/s 

1 / 10 [=====>---------------------------------------------] 10.00 % 12.94/s 1s 
2 / 10 [==========>----------------------------------------] 20.00 % 24.72/s 0s 
3 / 10 [===============>-----------------------------------] 30.00 % 32.39/s 0s 
4 / 10 [====================>------------------------------] 40.00 % 37.39/s 0s 
5 / 10 [=========================>-------------------------] 50.00 % 42.32/s 0s 
6 / 10 [==============================>--------------------] 60.00 % 39.86/s 0s 
7 / 10 [===================================>---------------] 70.00 % 43.70/s 0s 
8 / 10 [========================================>----------] 80.00 % 46.72/s 0s 
9 / 10 [=============================================>-----] 90.00 % 43.99/s 0s 
10 / 10 [====================================================] 100.00 % 45.49/s 

1 / 10 [=====>---------------------------------------------] 10.00 % 12.97/s 1s 
2 / 10 [==========>----------------------------------------] 20.00 % 24.52/s 0s 
3 / 10 [===============>-----------------------------------] 30.00 % 32.08/s 0s 
4 / 10 [====================>------------------------------] 40.00 % 35.21/s 0s 
5 / 10 [=========================>-------------------------] 50.00 % 39.83/s 0s 
6 / 10 [==============================>--------------------] 60.00 % 37.73/s 0s 
7 / 10 [===================================>---------------] 70.00 % 42.29/s 0s 
8 / 10 [========================================>----------] 80.00 % 45.77/s 0s 
9 / 10 [=============================================>-----] 90.00 % 48.60/s 0s 
10 / 10 [====================================================] 100.00 % 50.47/s 

1 / 3 [=================>-----------------------------------] 33.33 % 7.89/s 0s 
2 / 3 [==================================>-----------------] 66.67 % 15.50/s 0s 
3 / 3 [======================================================] 100.00 % 20.84/s 

1 / 1 [======================================================] 100.00 % 17.35/s 
