
1 / 2 [=========================>--------------------------] 50.00 % 13.38/s 0s 
2 / 2 [======================================================] 100.00 % 20.32/s 

1 / 10 [=====>---------------------------------------------] 10.00 % 13.21/s 1s 
2 / 10 [==========>----------------------------------------] 20.00 % 25.07/s 0s 
3 / 10 [===============>-----------------------------------] 30.00 % 32.29/s 0s 
4 / 10 [====================>------------------------------] 40.00 % 37.26/s 0s 
5 / 10 [=========================>-------------------------] 50.00 % 42.12/s 0s 
6 / 10 [==============================>--------------------] 60.00 % 39.29/s 0s 
7 / 10 [===================================>---------------] 70.00 % 42.65/s 0s 
8 / 10 [========================================>----------] 80.00 % 45.95/s 0s 
9 / 10 [=============================================>-----] 90.00 % 43.13/s 0s 
10 / 10 [====================================================] 100.00 % 44.25/s 

1 / 10 [=====>---------------------------------------------] 10.00 % 12.79/s 1s 
2 / 10 [==========>----------------------------------------] 20.00 % 25.05/s 0s 
3 / 10 [===============>-----------------------------------] 30.00 % 32.70/s 0s 
4 / 10 [====================>------------------------------] 40.00 % 38.00/s 0s 
5 / 10 [=========================>-------------------------] 50.00 % 42.39/s 0s 
6 / 10 [==============================>--------------------] 60.00 % 40.31/s 0s 
7 / 10 [===================================>---------------] 70.00 % 43.78/s 0s 
8 / 10 [========================================>----------] 80.00 % 46.87/s 0s 
9 / 10 [=============================================>-----] 90.00 % 49.57/s 0s 
10 / 10 [====================================================] 100.00 % 51.30/s 

1 / 3 [=================>----------------------------------] 33.33 % 11.29/s 0s 
2 / 3 [==================================>-----------------] 66.67 % 21.55/s 0s 
3 / 3 [======================================================] 100.00 % 27.81/s 

1 / 1 [======================================================] 100.00 % 17.41/s 
