
1 / 2 [=========================>--------------------------] 50.00 % 12.64/s 0s 
2 / 2 [======================================================] 100.00 % 19.95/s 

1 / 11 [====>-----------------------------------------------] 9.09 % 13.89/s 1s 
2 / 11 [=========>-----------------------------------------] 18.18 % 26.16/s 0s 
3 / 11 [=============>-------------------------------------] 27.27 % 33.57/s 0s 
4 / 11 [==================>--------------------------------] 36.36 % 38.52/s 0s 
5 / 11 [=======================>---------------------------] 45.45 % 43.36/s 0s 
6 / 11 [===========================>-----------------------] 54.55 % 47.43/s 0s 
7 / 11 [================================>------------------] 63.64 % 44.64/s 0s 
8 / 11 [=====================================>-------------] 72.73 % 48.00/s 0s 
9 / 11 [=========================================>---------] 81.82 % 51.03/s 0s 
10 / 11 [=============================================>----] 90.91 % 47.27/s 0s 
11 / 11 [====================================================] 100.00 % 47.80/s 

1 / 11 [====>-----------------------------------------------] 9.09 % 13.08/s 1s 
2 / 11 [=========>-----------------------------------------] 18.18 % 25.32/s 0s 
3 / 11 [=============>-------------------------------------] 27.27 % 32.88/s 0s 
4 / 11 [==================>--------------------------------] 36.36 % 38.01/s 0s 
5 / 11 [=======================>---------------------------] 45.45 % 42.85/s 0s 
6 / 11 [===========================>-----------------------] 54.55 % 47.26/s 0s 
7 / 11 [================================>------------------] 63.64 % 44.94/s 0s 
8 / 11 [=====================================>-------------] 72.73 % 48.32/s 0s 
9 / 11 [=========================================>---------] 81.82 % 36.63/s 0s 
10 / 11 [=============================================>----] 90.91 % 38.61/s 0s 
11 / 11 [====================================================] 100.00 % 42.29/s 

1 / 3 [=================>----------------------------------] 33.33 % 11.56/s 0s 
2 / 3 [==================================>-----------------] 66.67 % 22.16/s 0s 
3 / 3 [======================================================] 100.00 % 28.59/s 

1 / 1 [======================================================] 100.00 % 16.51/s 
