
1 / 2 [=========================>--------------------------] 50.00 % 14.62/s 0s 
2 / 2 [======================================================] 100.00 % 24.49/s 

1 / 12 [====>-----------------------------------------------] 8.33 % 13.43/s 1s 
2 / 12 [========>------------------------------------------] 16.67 % 25.73/s 0s 
3 / 12 [============>--------------------------------------] 25.00 % 32.82/s 0s 
4 / 12 [================>----------------------------------] 33.33 % 37.89/s 0s 
5 / 12 [=====================>-----------------------------] 41.67 % 42.71/s 0s 
6 / 12 [=========================>-------------------------] 50.00 % 47.33/s 0s 
7 / 12 [=============================>---------------------] 58.33 % 50.75/s 0s 
8 / 12 [=================================>-----------------] 66.67 % 47.64/s 0s 
9 / 12 [======================================>------------] 75.00 % 50.76/s 0s 
10 / 12 [=========================================>--------] 83.33 % 53.06/s 0s 
11 / 12 [=============================================>----] 91.67 % 53.26/s 0s 
12 / 12 [====================================================] 100.00 % 55.73/s 

1 / 12 [====>-----------------------------------------------] 8.33 % 13.37/s 1s 
2 / 12 [========>------------------------------------------] 16.67 % 25.83/s 0s 
3 / 12 [============>--------------------------------------] 25.00 % 33.59/s 0s 
4 / 12 [================>----------------------------------] 33.33 % 38.94/s 0s 
5 / 12 [=====================>-----------------------------] 41.67 % 43.85/s 0s 
6 / 12 [=========================>-------------------------] 50.00 % 48.22/s 0s 
7 / 12 [=============================>---------------------] 58.33 % 52.09/s 0s 
8 / 12 [=================================>-----------------] 66.67 % 49.76/s 0s 
9 / 12 [======================================>------------] 75.00 % 52.35/s 0s 
10 / 12 [=========================================>--------] 83.33 % 55.09/s 0s 
11 / 12 [=============================================>----] 91.67 % 57.33/s 0s 
12 / 12 [====================================================] 100.00 % 58.60/s 

1 / 3 [=================>----------------------------------] 33.33 % 11.14/s 0s 
2 / 3 [==================================>-----------------] 66.67 % 21.43/s 0s 
3 / 3 [======================================================] 100.00 % 27.88/s 

1 / 1 [======================================================] 100.00 % 18.05/s 
