
1 / 2 [=========================>--------------------------] 50.00 % 13.40/s 0s 
2 / 2 [======================================================] 100.00 % 22.67/s 

1 / 8 [======>---------------------------------------------] 12.50 % 12.12/s 1s 
2 / 8 [============>---------------------------------------] 25.00 % 23.96/s 0s 
3 / 8 [===================>--------------------------------] 37.50 % 31.33/s 0s 
4 / 8 [=========================>--------------------------] 50.00 % 28.91/s 0s 
5 / 8 [================================>-------------------] 62.50 % 33.84/s 0s 
6 / 8 [======================================>-------------] 75.00 % 38.32/s 0s 
7 / 8 [=============================================>------] 87.50 % 37.70/s 0s 
8 / 8 [======================================================] 100.00 % 42.17/s 

1 / 7 [=======>---------------------------------------------] 14.29 % 7.21/s 1s 
2 / 7 [==============>-------------------------------------] 28.57 % 13.15/s 0s 
3 / 7 [======================>-----------------------------] 42.86 % 17.24/s 0s 
4 / 7 [=============================>----------------------] 57.14 % 18.72/s 0s 
5 / 7 [=====================================>--------------] 71.43 % 21.60/s 0s 
6 / 7 [============================================>-------] 85.71 % 25.26/s 0s 
7 / 7 [======================================================] 100.00 % 28.55/s 

1 / 3 [=================>----------------------------------] 33.33 % 11.38/s 0s 
2 / 3 [==================================>-----------------] 66.67 % 21.62/s 0s 
3 / 3 [======================================================] 100.00 % 28.06/s 

1 / 1 [======================================================] 100.00 % 17.11/s 
