
1 / 2 [==========================>--------------------------] 50.00 % 9.11/s 0s 
2 / 2 [======================================================] 100.00 % 16.01/s 

1 / 10 [=====>---------------------------------------------] 10.00 % 12.70/s 1s 
2 / 10 [==========>----------------------------------------] 20.00 % 25.07/s 0s 
3 / 10 [===============>-----------------------------------] 30.00 % 32.29/s 0s 
4 / 10 [====================>------------------------------] 40.00 % 36.39/s 0s 
5 / 10 [=========================>-------------------------] 50.00 % 41.07/s 0s 
6 / 10 [==============================>--------------------] 60.00 % 39.50/s 0s 
7 / 10 [===================================>---------------] 70.00 % 42.62/s 0s 
8 / 10 [========================================>----------] 80.00 % 45.82/s 0s 
9 / 10 [=============================================>-----] 90.00 % 40.43/s 0s 
10 / 10 [====================================================] 100.00 % 39.78/s 

1 / 11 [====>-----------------------------------------------] 9.09 % 13.94/s 1s 
2 / 11 [=========>-----------------------------------------] 18.18 % 25.73/s 0s 
3 / 11 [=============>-------------------------------------] 27.27 % 33.60/s 0s 
4 / 11 [==================>--------------------------------] 36.36 % 38.31/s 0s 
5 / 11 [=======================>---------------------------] 45.45 % 42.04/s 0s 
6 / 11 [===========================>-----------------------] 54.55 % 46.88/s 0s 
7 / 11 [================================>------------------] 63.64 % 44.14/s 0s 
8 / 11 [=====================================>-------------] 72.73 % 46.64/s 0s 
9 / 11 [=========================================>---------] 81.82 % 49.70/s 0s 
10 / 11 [=============================================>----] 90.91 % 51.90/s 0s 
11 / 11 [====================================================] 100.00 % 53.18/s 

1 / 4 [============>---------------------------------------] 25.00 % 10.39/s 0s 
2 / 4 [=========================>--------------------------] 50.00 % 19.50/s 0s 
3 / 4 [======================================>-------------] 75.00 % 27.00/s 0s 
4 / 4 [======================================================] 100.00 % 32.31/s 

1 / 1 [======================================================] 100.00 % 18.54/s 
